{
  "code": "for line in open(\"/etc/passwd\"):\n    print(line)\n\n", 
  "trace": [
    {
      "ordered_globals": [], 
      "stdout": "", 
      "func_name": "<module>", 
      "stack_to_render": [], 
      "globals": {}, 
      "heap": {}, 
      "line": 1, 
      "event": "step_line"
    }, 
    {
      "ordered_globals": [], 
      "stdout": "", 
      "exception_msg": "Exception: open() is not supported by Python Tutor.\nInstead use StringIO.StringIO() to simulate a file.\nHere is an example: http://goo.gl/Q9xQ4p", 
      "func_name": "<module>", 
      "stack_to_render": [], 
      "globals": {}, 
      "heap": {}, 
      "line": 1, 
      "event": "exception"
    }
  ]
}
